{
    "null ens_db, human: uses built-in EnsDb": {
        "content": [
            {
                "0": [
                    [
                        "sample_1_ctrl",
                        "sample_1_ctrl.preprocessed.rds:md5,999a42a58f457351caba0cdaebb6eff2"
                    ]
                ],
                "preprocessed_rds": [
                    [
                        "sample_1_ctrl",
                        "sample_1_ctrl.preprocessed.rds:md5,999a42a58f457351caba0cdaebb6eff2"
                    ]
                ]
            }
        ],
        "meta": {
            "nf-test": "0.9.3",
            "nextflow": "25.10.3"
        },
        "timestamp": "2026-05-04T15:41:12.604000475"
    },
    "sqlite ens_db: loads EnsDb from file": {
        "content": [
            {
                "0": [
                    [
                        "sample_1_ctrl",
                        "sample_1_ctrl.preprocessed.rds:md5,7f6258fa06654837d5ed1d07442b3f55"
                    ]
                ],
                "preprocessed_rds": [
                    [
                        "sample_1_ctrl",
                        "sample_1_ctrl.preprocessed.rds:md5,7f6258fa06654837d5ed1d07442b3f55"
                    ]
                ]
            }
        ],
        "meta": {
            "nf-test": "0.9.3",
            "nextflow": "25.10.3"
        },
        "timestamp": "2026-05-04T15:41:43.852418502"
    },
    "Should run without failures": {
        "content": [
            {
                "0": [
                    [
                        "sample_1_ctrl",
                        "sample_1_ctrl.preprocessed.rds:md5,999a42a58f457351caba0cdaebb6eff2"
                    ]
                ],
                "preprocessed_rds": [
                    [
                        "sample_1_ctrl",
                        "sample_1_ctrl.preprocessed.rds:md5,999a42a58f457351caba0cdaebb6eff2"
                    ]
                ]
            }
        ],
        "meta": {
            "nf-test": "0.9.3",
            "nextflow": "25.10.2"
        },
        "timestamp": "2026-04-24T14:06:20.151990693"
    }
}